[klbtheme.com/groci/index.html]
[backblue.gif]
[fade.gif]
[index.html]
[klbtheme.com/groci/feed/index.html]
[klbtheme.com/groci/comments/feed/index.html]
[klbtheme.com/groci/wp-content/plugins/login-with-ajax/widget/widget0697.css]
[klbtheme.com/groci/wp-includes/css/dist/block-library/style.minbb49.css]
[klbtheme.com/groci/wp-content/plugins/woocommerce/assets/css/blocks/style3ab2.css]
[klbtheme.com/groci/wp-content/plugins/contact-form-7/includes/css/stylesbdeb.css]
[klbtheme.com/groci/wp-content/themes/groci/vendor/bootstrap/css/bootstrap.min5152.css]
[klbtheme.com/groci/wp-content/themes/groci/vendor/icons/css/materialdesignicons.min5152.css]
[klbtheme.com/groci/wp-content/themes/groci/vendor/select2/css/select2-bootstrap5152.css]
[klbtheme.com/groci/wp-content/plugins/woocommerce/assets/css/select23ab2.css]
[klbtheme.com/groci/wp-content/themes/groci/css/stylem5152.css]
[klbtheme.com/groci/wp-content/themes/groci/vendor/owl-carousel/owl.carousel5152.css]
[klbtheme.com/groci/wp-content/themes/groci/vendor/owl-carousel/owl.theme5152.css]
[klbtheme.com/groci/wp-content/themes/groci/stylebb49.css]
[klbtheme.com/groci/wp-content/plugins/js_composer/assets/css/js_composer.min5b21.css]
[klbtheme.com/groci/wp-includes/js/jquery/jquery4a5f.js]
[klbtheme.com/groci/wp-includes/js/jquery/jquery-migrate.min330a.js]
[fonts.googleapis.com/css8b5b.css]
[klbtheme.com/groci/wp-content/plugins/login-with-ajax/widget/login-with-ajax0697.js]
[klbtheme.com/groci/wp-content/plugins/woocommerce/assets/js/jquery-blockui/jquery.blockUI.min44fd.js]
[klbtheme.com/groci/wp-content/plugins/woocommerce/assets/js/frontend/add-to-cart.min3ab2.js]
[klbtheme.com/groci/wp-content/plugins/js_composer/assets/js/vendors/woocommerce-add-to-cart5b21.js]
[klbtheme.com/groci/xmlrpc0db0.php]
[klbtheme.com/groci/wp-includes/wlwmanifest.xml]
[klbtheme.com/groci/wp-json/index.html]
[klbtheme.com/groci/wp-json/oembed/1.0/embeda5c0.json]
[klbtheme.com/groci/wp-json/oembed/1.0/embeda1a2]
[klbtheme.com/groci/wp-content/uploads/2018/08/login-1.jpg]
[klbtheme.com/groci/wp-content/uploads/2018/08/cropped-favicon-32x32.png]
[klbtheme.com/groci/wp-content/uploads/2018/08/cropped-favicon-192x192.png]
[fonts.googleapis.com/index.html]
[klbtheme.com/groci/wp-content/uploads/2018/08/cropped-favicon-180x180.png]
[external.html]
[klbtheme.com/groci/wp-content/uploads/2018/08/logo-1.png]
[klbtheme.com/groci/shop/index.html]
[klbtheme.com/groci/wp-content/uploads/2018/08/slider1.jpg]
[klbtheme.com/groci/product-category/fruits-vegetables/index.html]
[klbtheme.com/groci/about-us/index.html]
[klbtheme.com/groci/product/jumbo-rainier-cherries/index.html]
[klbtheme.com/groci/wp-content/uploads/2018/08/slider2.jpg]
[klbtheme.com/groci/blog/index.html]
[klbtheme.com/groci/faq/index.html]
[klbtheme.com/groci/blog/2018/08/12/restaurant-employer-read-clients-orders-on-his-ipad/index.html]
[klbtheme.com/groci/wp-content/uploads/2018/08/3-3-62x62.jpg]
[klbtheme.com/groci/contact-us/index.html]
[klbtheme.com/groci/wp-content/uploads/2018/08/9-2-62x62.jpg]
[klbtheme.com/groci/product/green-seedless-grapes/index.html]
[klbtheme.com/groci/wp-content/uploads/2018/08/8-2-62x62.jpg]
[klbtheme.com/groci/product-category/beverages/index.html]
[klbtheme.com/groci/wp-content/uploads/2018/08/1-4-62x62.jpg]
[klbtheme.com/groci/product-category/biscuits-snacks-chocolates/index.html]
[klbtheme.com/groci/product-category/breakfast-dairy/index.html]
[klbtheme.com/groci/wp-content/uploads/2018/08/5-2-62x62.jpg]
[klbtheme.com/groci/wp-content/uploads/2018/08/2-4-62x62.jpg]
[klbtheme.com/groci/product-category/furnishing-home-needs/index.html]
[klbtheme.com/groci/product-category/grocery-staples/index.html]
[klbtheme.com/groci/wp-content/uploads/2018/08/4-2-62x62.jpg]
[klbtheme.com/groci/wp-content/uploads/2018/08/6-2-62x62.jpg]
[klbtheme.com/groci/product-category/home-kitchen/index.html]
[klbtheme.com/groci/wp-content/uploads/2018/08/12-2-62x62.jpg]
[klbtheme.com/groci/product-category/household-needs/index.html]
[klbtheme.com/groci/wp-content/uploads/2018/08/10-2-62x62.jpg]
[klbtheme.com/groci/wp-content/uploads/2018/08/7-2-62x62.jpg]
[klbtheme.com/groci/product-category/noodles-sauces-instant-food/index.html]
[klbtheme.com/groci/wp-content/uploads/2018/08/11-2-62x62.jpg]
[klbtheme.com/groci/product-category/meats-frozen-seafood/index.html]
[klbtheme.com/groci/wp-content/uploads/2018/08/1-1-170x185.jpg]
[klbtheme.com/groci/product-category/personal-care/index.html]
[klbtheme.com/groci/product-category/pet-care/index.html]
[klbtheme.com/groci/wp-content/uploads/2018/08/2-1-170x185.jpg]
[klbtheme.com/groci/product/organic-broccoli/index.html]
[klbtheme.com/groci/wp-content/uploads/2018/08/3-1-170x185.jpg]
[klbtheme.com/groci/product/washed-sugar-snap-peas/index.html]
[klbtheme.com/groci/wp-content/uploads/2018/08/4-1-170x185.jpg]
[klbtheme.com/groci/product/organic-italian-parsley/index.html]
[klbtheme.com/groci/wp-content/uploads/2018/08/5-1-170x185.jpg]
[klbtheme.com/groci/wp-content/uploads/2018/08/6-1-170x185.jpg]
[klbtheme.com/groci/product/organic-strawberry/index.html]
[klbtheme.com/groci/product/organic-vegetable/index.html]
[klbtheme.com/groci/wp-content/uploads/2018/08/1-2.jpg]
[klbtheme.com/groci/wp-content/uploads/2018/08/2-2.jpg]
[klbtheme.com/groci/wp-content/uploads/2018/08/7-1-170x185.jpg]
[klbtheme.com/groci/wp-content/uploads/2018/08/8-1-170x185.jpg]
[klbtheme.com/groci/product/organic-sweet-corn/index.html]
[klbtheme.com/groci/wp-content/uploads/2018/08/9-1-170x185.jpg]
[klbtheme.com/groci/wp-content/uploads/2018/08/10-1-170x185.jpg]
[klbtheme.com/groci/product/organic-gold-creamer-potatoes/index.html]
[klbtheme.com/groci/wp-content/uploads/2018/08/11-1-170x185.jpg]
[klbtheme.com/groci/wp-content/uploads/2018/08/12-1-170x185.jpg]
[klbtheme.com/groci/product/native-organic-papaya/index.html]
[klbtheme.com/groci/product/fresh-red-seedless-grapes/index.html]
[klbtheme.com/groci/wp-content/uploads/2018/08/logo-footer-1.png]
[klbtheme.com/groci/wp-content/uploads/2018/08/google.png]
[klbtheme.com/groci/product/organic-grape-tomatoes/index.html]
[klbtheme.com/groci/wp-content/uploads/2018/08/apple.png]
[klbtheme.com/groci/wp-content/uploads/2018/08/payment_methods.png]
[klbtheme.com/cdn-cgi/scripts/5c5dd728/cloudflare-static/email-decode.min.js]
[klbtheme.com/groci/wp-content/plugins/contact-form-7/includes/js/scriptsbdeb.js]
[klbtheme.com/groci/wp-content/plugins/woocommerce/assets/js/js-cookie/js.cookie.min6b25.js]
[klbtheme.com/groci/wp-content/plugins/woocommerce/assets/js/frontend/woocommerce.min3ab2.js]
[klbtheme.com/groci/wp-content/plugins/woocommerce/assets/js/frontend/cart-fragments.min3ab2.js]
[klbtheme.com/groci/wp-includes/js/comment-reply.minbb49.js]
[klbtheme.com/groci/wp-content/themes/groci/vendor/bootstrap/js/bootstrap.bundle.min5152.js]
[klbtheme.com/groci/wp-content/plugins/woocommerce/assets/js/select2/select2.full.minfa0c.js]
[klbtheme.com/groci/wp-content/themes/groci/vendor/owl-carousel/owl.carousel5152.js]
[klbtheme.com/groci/wp-content/themes/groci/js/custom5152.js]
[klbtheme.com/groci/wp-includes/js/wp-embed.minbb49.js]
[klbtheme.com/groci/wp-content/plugins/js_composer/assets/js/dist/js_composer_front.min5b21.js]
[klbtheme.com/groci/index.html]
[klbtheme.com/groci/xmlrpc.php]
[fonts.googleapis.com/index.html]
[s.w.org/index.html]
[fonts.googleapis.com/css8b5b.css]
[klbtheme.com/groci/wp-includes/css/dashicons.minbb49.css]
[klbtheme.com/groci/wp-includes/css/buttons.minbb49.css]
[klbtheme.com/groci/wp-admin/css/forms.minbb49.css]
[klbtheme.com/groci/wp-admin/css/l10n.minbb49.css]
[klbtheme.com/groci/wp-admin/css/login.minbb49.css]
[klbtheme.com/groci/wp-loginc2b6.html]
[klbtheme.com/groci/wp-login0ddc.html]
[klbtheme.com/groci/wp-content/uploads/2018/08/7-1-80x80.jpg]
[klbtheme.com/groci/wp-content/uploads/2018/08/8-1-80x80.jpg]
[klbtheme.com/groci/shop/feed/index.html]
[klbtheme.com/groci/wp-content/uploads/2018/08/9-1-80x80.jpg]
[klbtheme.com/groci/wp-content/uploads/2018/08/10-1-80x80.jpg]
[klbtheme.com/groci/wp-content/uploads/2018/08/11-1-80x80.jpg]
[via.placeholder.com/254x557.png]
[klbtheme.com/groci/wp-content/uploads/2018/08/shop-1.jpg]
[klbtheme.com/groci/wp-includes/js/jquery/ui/core.mine899.js]
[klbtheme.com/groci/wp-includes/js/jquery/ui/widget.mine899.js]
[klbtheme.com/groci/wp-includes/js/jquery/ui/mouse.mine899.js]
[klbtheme.com/groci/wp-includes/js/jquery/ui/slider.mine899.js]
[klbtheme.com/groci/shop/page/2/index.html]
[klbtheme.com/groci/wp-content/plugins/woocommerce/assets/js/jquery-ui-touch-punch/jquery-ui-touch-punch.min3ab2.js]
[klbtheme.com/groci/wp-content/plugins/woocommerce/assets/js/accounting/accounting.minaffb.js]
[klbtheme.com/groci/wp-content/plugins/woocommerce/assets/js/frontend/price-slider.min3ab2.js]
[klbtheme.com/groci/shop/index.html]
[klbtheme.com/groci/wp-json/oembed/1.0/embed2fdf.json]
[klbtheme.com/groci/wp-json/oembed/1.0/embede57d]
[klbtheme.com/groci/my-account/index.html]
[klbtheme.com/groci/wp-content/plugins/woocommerce/assets/js/selectWoo/selectWoo.full.min0ba6.js]
[klbtheme.com/groci/wp-json/oembed/1.0/embed2713.json]
[klbtheme.com/groci/wp-json/oembed/1.0/embedd574]
[klbtheme.com/groci/wp-content/uploads/2018/08/about.jpg]
[klbtheme.com/groci/wp-content/uploads/2018/08/1-3.jpg]
[klbtheme.com/groci/wp-content/uploads/2018/08/2-3.jpg]
[klbtheme.com/groci/wp-content/uploads/2018/08/3-2.jpg]
[klbtheme.com/groci/about-us/index.html]
[klbtheme.com/groci/product-category/fruits-vegetables/index.html]
[klbtheme.com/groci/wp-content/plugins/woocommerce/assets/css/photoswipe/photoswipe3ab2.css]
[klbtheme.com/groci/product-category/fruits-vegetables/feed/index.html]
[klbtheme.com/groci/wp-content/plugins/woocommerce/assets/css/photoswipe/default-skin/default-skin3ab2.css]
[klbtheme.com/groci/product/jumbo-rainier-cherries/feed/index.html]
[klbtheme.com/groci/wp-json/oembed/1.0/embed782a.json]
[klbtheme.com/groci/product-category/fruits-vegetables/page/2/index.html]
[klbtheme.com/groci/wp-json/oembed/1.0/embedca28]
[klbtheme.com/groci/wp-content/uploads/2018/08/6-1.jpg]
[klbtheme.com/groci/wp-content/uploads/2018/08/6-1-600x654.jpg]
[klbtheme.com/groci/wp-content/uploads/2018/08/1-1.jpg]
[klbtheme.com/groci/wp-content/uploads/2018/08/1-1-600x654.jpg]
[klbtheme.com/groci/wp-content/uploads/2018/08/2-1.jpg]
[klbtheme.com/groci/wp-content/uploads/2018/08/2-1-600x654.jpg]
[klbtheme.com/groci/wp-content/uploads/2018/08/3-1.jpg]
[klbtheme.com/groci/wp-content/uploads/2018/08/3-1-600x654.jpg]
[klbtheme.com/groci/wp-content/uploads/2018/08/4-1.jpg]
[klbtheme.com/groci/wp-content/uploads/2018/08/4-1-600x654.jpg]
[klbtheme.com/groci/wp-content/uploads/2018/08/5-1.jpg]
[klbtheme.com/groci/wp-content/uploads/2018/08/5-1-600x654.jpg]
[0.gravatar.com/avatar/3384f98a21c5dce2051e8f5a20928b05c50c.png]
[klbtheme.com/groci/wp-content/plugins/js_composer/assets/lib/bower/flexslider/jquery.flexslider-min5b21.js]
[klbtheme.com/groci/wp-content/plugins/woocommerce/assets/js/photoswipe/photoswipe.min0235.js]
[klbtheme.com/groci/wp-content/plugins/woocommerce/assets/js/photoswipe/photoswipe-ui-default.min0235.js]
[klbtheme.com/groci/wp-content/plugins/woocommerce/assets/js/frontend/single-product.min3ab2.js]
[klbtheme.com/groci/wp-includes/js/underscore.min4511.js]
[klbtheme.com/groci/wp-includes/js/wp-util.minbb49.js]
[klbtheme.com/groci/wp-content/plugins/woocommerce/assets/js/frontend/add-to-cart-variation.min3ab2.js]
[klbtheme.com/groci/product/jumbo-rainier-cherries/index.html]
[klbtheme.com/groci/checkout/index.html]
[klbtheme.com/groci/wp-json/oembed/1.0/embedbf41.json]
[klbtheme.com/groci/wp-json/oembed/1.0/embed1ac1]
[klbtheme.com/groci/wp-content/plugins/woocommerce/assets/js/frontend/country-select.min3ab2.js]
[klbtheme.com/groci/wp-content/plugins/woocommerce/assets/js/frontend/address-i18n.min3ab2.js]
[klbtheme.com/groci/wp-content/plugins/woocommerce/assets/js/frontend/cart.min3ab2.js]
[klbtheme.com/groci/cart/index.html]
[klbtheme.com/groci/wp-content/uploads/2018/08/2.png]
[klbtheme.com/groci/wp-content/uploads/2018/08/3.png]
[klbtheme.com/groci/wp-content/uploads/2018/08/1.png]
[klbtheme.com/groci/wp-content/themes/groci/js/custom/groci_slidepost5152.js]
[klbtheme.com/groci/blog/category/gallery/index.html]
[klbtheme.com/groci/blog/tag/news/index.html]
[klbtheme.com/groci/blog/2018/08/12/amazing-classic-interior-design-with-perfect-lighting/index.html]
[klbtheme.com/groci/blog/tag/slider/index.html]
[klbtheme.com/groci/blog/tag/gallery/index.html]
[klbtheme.com/groci/wp-content/plugins/mailchimp-for-wp/assets/js/forms-api.min3428.js]
[klbtheme.com/groci/blog/index.html]
[klbtheme.com/groci/blog/category/video/index.html]
[klbtheme.com/groci/blog/tag/food/index.html]
[klbtheme.com/groci/blog/tag/envato/index.html]
[klbtheme.com/groci/blog/tag/video/index.html]
[klbtheme.com/groci/blog/2018/08/12/english-breakfast-tea-with-tasty-donut-desserts/index.html]
[klbtheme.com/groci/blog/tag/organic/index.html]
[klbtheme.com/groci/blog/tag/vimeo/index.html]
[klbtheme.com/groci/wp-json/oembed/1.0/embed2941.json]
[klbtheme.com/groci/blog/2018/08/12/co-founder-trying-to-explain-his-idea-to-his-employers/index.html]
[klbtheme.com/groci/blog/category/audio/index.html]
[klbtheme.com/groci/blog/2018/08/04/restaurant-employer-read-clients-orders-on-his-ipad-1/index.html]
[klbtheme.com/groci/blog/tag/shop/index.html]
[klbtheme.com/groci/blog/tag/audio/index.html]
[klbtheme.com/groci/wp-json/oembed/1.0/embedc73c]
[klbtheme.com/groci/blog/tag/grocery/index.html]
[klbtheme.com/groci/blog/tag/image/index.html]
[klbtheme.com/groci/blog/tag/themeforest/index.html]
[klbtheme.com/groci/blog/category/image/index.html]
[0.gravatar.com/avatar/3384f98a21c5dce2051e8f5a20928b05aae9.png]
[0.gravatar.com/avatar/fc963d486fa03c8c8a0066b958b5b7cbaae9.png]
[klbtheme.com/groci/blog/2018/08/12/restaurant-employer-read-clients-orders-on-his-ipad/index.html]
[klbtheme.com/groci/blog/2018/08/12/restaurant-employer-read-clients-orders-on-his-ipad/feed/index.html]
[klbtheme.com/groci/blog/2018/08/12/restaurant-employer-read-clients-orders-on-his-ipad/indexfc06.html]
[klbtheme.com/groci/wp-json/oembed/1.0/embed295f.json]
[klbtheme.com/groci/blog/2018/08/12/restaurant-employer-read-clients-orders-on-his-ipad/index41b7.html]
[klbtheme.com/groci/wp-json/oembed/1.0/embed4060]
[klbtheme.com/groci/blog/2018/08/12/restaurant-employer-read-clients-orders-on-his-ipad/index94a5.html]
[klbtheme.com/groci/wp-content/plugins/js_composer/assets/css/js_composer_tta.min5b21.css]
[klbtheme.com/groci/blog/2018/08/12/restaurant-employer-read-clients-orders-on-his-ipad/index267f.html]
[klbtheme.com/groci/wp-content/plugins/js_composer/assets/lib/vc_accordion/vc-accordion.min5b21.js]
[klbtheme.com/groci/wp-content/plugins/js_composer/assets/lib/vc-tta-autoplay/vc-tta-autoplay.min5b21.js]
[klbtheme.com/groci/faq/index.html]
[klbtheme.com/groci/wp-json/oembed/1.0/embed0530.json]
[klbtheme.com/groci/contact-us/index.html]
[klbtheme.com/groci/wp-json/oembed/1.0/embed8446]
[klbtheme.com/groci/wp-json/oembed/1.0/embed90d2.json]
[klbtheme.com/groci/product/green-seedless-grapes/feed/index.html]
[klbtheme.com/groci/wp-json/oembed/1.0/embedab7c]
[klbtheme.com/groci/wp-content/uploads/2018/08/11-1.jpg]
[klbtheme.com/groci/wp-content/uploads/2018/08/11-1-600x654.jpg]
[klbtheme.com/groci/wp-content/uploads/2018/08/10-1.jpg]
[klbtheme.com/groci/wp-content/uploads/2018/08/10-1-600x654.jpg]
[klbtheme.com/groci/wp-content/uploads/2018/08/9-1.jpg]
[klbtheme.com/groci/wp-content/uploads/2018/08/9-1-600x654.jpg]
[klbtheme.com/groci/wp-content/uploads/2018/08/8-1.jpg]
[klbtheme.com/groci/wp-content/uploads/2018/08/8-1-600x654.jpg]
[klbtheme.com/groci/product/green-seedless-grapes/index.html]
[klbtheme.com/groci/product-category/beverages/index.html]
[klbtheme.com/groci/product-category/biscuits-snacks-chocolates/index.html]
[klbtheme.com/groci/product-category/breakfast-dairy/index.html]
[klbtheme.com/groci/product-category/beverages/feed/index.html]
[klbtheme.com/groci/product-category/biscuits-snacks-chocolates/feed/index.html]
[klbtheme.com/groci/product-category/breakfast-dairy/feed/index.html]
[klbtheme.com/groci/product-category/furnishing-home-needs/index.html]
[klbtheme.com/groci/product-category/grocery-staples/index.html]
[klbtheme.com/groci/product-category/home-kitchen/index.html]
[klbtheme.com/groci/product-category/grocery-staples/feed/index.html]
[klbtheme.com/groci/product-category/furnishing-home-needs/feed/index.html]
[klbtheme.com/groci/product-category/home-kitchen/feed/index.html]
[klbtheme.com/groci/product-category/household-needs/index.html]
[klbtheme.com/groci/product-category/meats-frozen-seafood/index.html]
[klbtheme.com/groci/product-category/household-needs/feed/index.html]
[klbtheme.com/groci/product-category/noodles-sauces-instant-food/index.html]
[klbtheme.com/groci/product-category/meats-frozen-seafood/feed/index.html]
[klbtheme.com/groci/product-category/personal-care/index.html]
[klbtheme.com/groci/product-category/pet-care/index.html]
[klbtheme.com/groci/product-category/noodles-sauces-instant-food/feed/index.html]
[klbtheme.com/groci/product-category/personal-care/feed/index.html]
[klbtheme.com/groci/product-category/pet-care/feed/index.html]
[klbtheme.com/groci/wp-json/oembed/1.0/embed4de3.json]
[klbtheme.com/groci/product/organic-broccoli/feed/index.html]
[klbtheme.com/groci/wp-json/oembed/1.0/embed8af2]
[klbtheme.com/groci/wp-content/uploads/2018/08/12-1.jpg]
[klbtheme.com/groci/wp-content/uploads/2018/08/12-1-600x654.jpg]
[klbtheme.com/groci/product/organic-broccoli/index.html]
[klbtheme.com/groci/wp-content/uploads/2018/08/1-1-80x80.jpg]
[klbtheme.com/groci/indexc887.html]
[klbtheme.com/groci/wp-json/oembed/1.0/embed7a31.json]
[klbtheme.com/groci/product/washed-sugar-snap-peas/feed/index.html]
[klbtheme.com/groci/product/washed-sugar-snap-peas/index.html]
[klbtheme.com/groci/wp-json/oembed/1.0/embedc459]
[klbtheme.com/groci/wp-content/uploads/2018/08/2-1-80x80.jpg]
[klbtheme.com/groci/index3f1d.html]
[klbtheme.com/groci/product/organic-italian-parsley/feed/index.html]
[klbtheme.com/groci/wp-json/oembed/1.0/embeded9c.json]
[klbtheme.com/groci/product/organic-italian-parsley/index.html]
[klbtheme.com/groci/wp-json/oembed/1.0/embedc966]
[klbtheme.com/groci/wp-json/oembed/1.0/embed0189.json]
[klbtheme.com/groci/product/organic-strawberry/feed/index.html]
[klbtheme.com/groci/product/organic-strawberry/index.html]
[klbtheme.com/groci/wp-json/oembed/1.0/embed9ce7]
[klbtheme.com/groci/wp-content/uploads/2018/08/4-1-80x80.jpg]
[klbtheme.com/groci/indexaa11.html]
[klbtheme.com/groci/wp-json/oembed/1.0/embed4c8f.json]
[klbtheme.com/groci/product/organic-vegetable/feed/index.html]
[klbtheme.com/groci/product/organic-vegetable/index.html]
[klbtheme.com/groci/wp-json/oembed/1.0/embed1db4]
[klbtheme.com/groci/wp-json/oembed/1.0/embedefb0.json]
[klbtheme.com/groci/wp-json/oembed/1.0/embed3a39]
[klbtheme.com/groci/product/organic-sweet-corn/feed/index.html]
[klbtheme.com/groci/wp-content/uploads/2018/08/7-1.jpg]
[klbtheme.com/groci/wp-content/uploads/2018/08/7-1-600x654.jpg]
[klbtheme.com/groci/product/organic-sweet-corn/index.html]
[klbtheme.com/groci/indexebbf.html]
[klbtheme.com/groci/wp-json/oembed/1.0/embed0090.json]
[klbtheme.com/groci/product/organic-gold-creamer-potatoes/feed/index.html]
[klbtheme.com/groci/product/organic-gold-creamer-potatoes/index.html]
[klbtheme.com/groci/wp-json/oembed/1.0/embed97c7]
[klbtheme.com/groci/wp-json/oembed/1.0/embeda9e9.json]
[klbtheme.com/groci/product/native-organic-papaya/feed/index.html]
[klbtheme.com/groci/product/native-organic-papaya/index.html]
[klbtheme.com/groci/wp-json/oembed/1.0/embed903a]
[klbtheme.com/groci/indexf6b1.html]
[klbtheme.com/groci/product/fresh-red-seedless-grapes/feed/index.html]
[klbtheme.com/groci/wp-json/oembed/1.0/embed6179.json]
[klbtheme.com/groci/product/fresh-red-seedless-grapes/index.html]
[klbtheme.com/groci/wp-json/oembed/1.0/embedbc68]
[klbtheme.com/groci/indexdb32.html]
[klbtheme.com/groci/index93a1.html]
[klbtheme.com/groci/wp-json/oembed/1.0/embedd0b8.json]
[klbtheme.com/groci/product/organic-grape-tomatoes/feed/index.html]
[klbtheme.com/groci/product/organic-grape-tomatoes/index.html]
[klbtheme.com/groci/wp-json/oembed/1.0/embed4b2e]
[klbtheme.com/groci/wp-content/uploads/2018/08/12-1-80x80.jpg]
[klbtheme.com/groci/index9372.html]
[klbtheme.com/groci/wp-login.html]
[klbtheme.com/groci/wp-includes/js/zxcvbn-async.min5152.js]
[klbtheme.com/groci/wp-admin/js/password-strength-meter.minbb49.js]
[klbtheme.com/groci/wp-content/plugins/woocommerce/assets/js/frontend/password-strength-meter.min3ab2.js]
[klbtheme.com/groci/wp-content/plugins/woocommerce/assets/js/frontend/lost-password.min3ab2.js]
[klbtheme.com/groci/my-account/lost-password/index.html]
[klbtheme.com/groci/shop/indexdb32.html]
[klbtheme.com/groci/shop/index93a1.html]
[klbtheme.com/groci/shop/indexf6b1.html]
[klbtheme.com/groci/shop/indexc887.html]
[klbtheme.com/groci/shop/index9372.html]
[klbtheme.com/groci/shop/indexaa11.html]
[klbtheme.com/groci/shop/page/2/index.html]
[klbtheme.com/groci/index9787.html]
[klbtheme.com/groci/index198a.html]
[klbtheme.com/groci/product-category/fruits-vegetables/indexdb32.html]
[klbtheme.com/groci/product-category/fruits-vegetables/index93a1.html]
[klbtheme.com/groci/product-category/fruits-vegetables/indexf6b1.html]
[klbtheme.com/groci/product-category/fruits-vegetables/indexc887.html]
[klbtheme.com/groci/product-category/fruits-vegetables/index9372.html]
[klbtheme.com/groci/product-category/fruits-vegetables/indexaa11.html]
[klbtheme.com/groci/product-category/fruits-vegetables/page/2/index.html]
[klbtheme.com/groci/index9cd7.html]
[klbtheme.com/groci/product/jumbo-rainier-cherries/index9372.html]
[klbtheme.com/groci/product/jumbo-rainier-cherries/index3f1d.html]
[klbtheme.com/groci/product/jumbo-rainier-cherries/indexebbf.html]
[klbtheme.com/groci/product/jumbo-rainier-cherries/indexdb32.html]
[klbtheme.com/groci/index8054.html]
[klbtheme.com/groci/blog/category/gallery/index.html]
[klbtheme.com/groci/blog/tag/gallery/index.html]
[klbtheme.com/groci/blog/tag/news/index.html]
[klbtheme.com/groci/blog/category/gallery/feed/index.html]
[klbtheme.com/groci/blog/tag/slider/index.html]
[klbtheme.com/groci/blog/tag/gallery/feed/index.html]
[klbtheme.com/groci/blog/tag/news/feed/index.html]
[klbtheme.com/groci/blog/tag/slider/feed/index.html]
[klbtheme.com/groci/wp-json/oembed/1.0/embed0f4c.json]
[klbtheme.com/groci/blog/2018/08/12/amazing-classic-interior-design-with-perfect-lighting/feed/index.html]
[klbtheme.com/groci/blog/2018/08/12/amazing-classic-interior-design-with-perfect-lighting/index.html]
[klbtheme.com/groci/blog/category/video/index.html]
[klbtheme.com/groci/blog/tag/envato/index.html]
[klbtheme.com/groci/blog/tag/food/index.html]
[klbtheme.com/groci/blog/tag/vimeo/index.html]
[klbtheme.com/groci/wp-json/oembed/1.0/embed611c]
[klbtheme.com/groci/blog/tag/food/feed/index.html]
[klbtheme.com/groci/blog/tag/envato/feed/index.html]
[klbtheme.com/groci/blog/category/video/feed/index.html]
[klbtheme.com/groci/blog/tag/vimeo/feed/index.html]
[klbtheme.com/groci/wp-json/oembed/1.0/embeda201.json]
[klbtheme.com/groci/blog/2018/08/12/english-breakfast-tea-with-tasty-donut-desserts/feed/index.html]
[klbtheme.com/groci/blog/2018/08/12/english-breakfast-tea-with-tasty-donut-desserts/index.html]
[klbtheme.com/groci/blog/tag/organic/index.html]
[klbtheme.com/groci/blog/tag/video/index.html]
[klbtheme.com/groci/wp-json/oembed/1.0/embed990b]
[klbtheme.com/groci/blog/tag/organic/feed/index.html]
[klbtheme.com/groci/blog/tag/video/feed/index.html]
[klbtheme.com/groci/wp-json/oembed/1.0/embed216f.json]
[klbtheme.com/groci/blog/2018/08/12/co-founder-trying-to-explain-his-idea-to-his-employers/feed/index.html]
[klbtheme.com/groci/blog/2018/08/12/co-founder-trying-to-explain-his-idea-to-his-employers/index.html]
[klbtheme.com/groci/blog/category/audio/index.html]
[klbtheme.com/groci/blog/tag/audio/index.html]
[klbtheme.com/groci/blog/tag/grocery/index.html]
[klbtheme.com/groci/blog/tag/shop/index.html]
[klbtheme.com/groci/wp-json/oembed/1.0/embedf233]
[klbtheme.com/groci/blog/tag/grocery/feed/index.html]
[klbtheme.com/groci/blog/tag/shop/feed/index.html]
[klbtheme.com/groci/blog/category/audio/feed/index.html]
[klbtheme.com/groci/blog/tag/audio/feed/index.html]
[klbtheme.com/groci/wp-json/oembed/1.0/embedfdc8.json]
[klbtheme.com/groci/blog/2018/08/04/restaurant-employer-read-clients-orders-on-his-ipad-1/feed/index.html]
[klbtheme.com/groci/wp-json/oembed/1.0/embedbf53]
[1.gravatar.com/avatar/d7a973c7dab26985da5f961be7b74480aae9.png]
[klbtheme.com/groci/blog/2018/08/04/restaurant-employer-read-clients-orders-on-his-ipad-1/index.html]
[klbtheme.com/groci/blog/category/image/index.html]
[klbtheme.com/groci/blog/tag/image/index.html]
[klbtheme.com/groci/blog/tag/themeforest/index.html]
[klbtheme.com/groci/blog/category/image/feed/index.html]
[klbtheme.com/groci/blog/tag/image/feed/index.html]
[klbtheme.com/groci/blog/tag/themeforest/feed/index.html]
[klbtheme.com/groci/index87e6.html]
[klbtheme.com/groci/blog/2018/08/12/restaurant-employer-read-clients-orders-on-his-ipad/index267f.html]
[klbtheme.com/groci/blog/2018/08/12/restaurant-employer-read-clients-orders-on-his-ipad/index41b7.html]
[klbtheme.com/groci/blog/2018/08/12/restaurant-employer-read-clients-orders-on-his-ipad/index94a5.html]
[klbtheme.com/groci/blog/2018/08/12/restaurant-employer-read-clients-orders-on-his-ipad/indexfc06.html]
[klbtheme.com/groci/index905c.html]
[klbtheme.com/groci/index8816.html]
[klbtheme.com/groci/index7ef4.html]
[klbtheme.com/groci/product/green-seedless-grapes/indexf6b1.html]
[klbtheme.com/groci/blog/2018/08/04/restaurant-employer-read-clients-orders-on-his-ipad-1/index0e22.html]
[klbtheme.com/groci/product/green-seedless-grapes/indexaa11.html]
[klbtheme.com/groci/product-category/grocery-staples/index3f1d.html]
[klbtheme.com/groci/product-category/home-kitchen/indexc887.html]
[klbtheme.com/groci/product-category/household-needs/index9372.html]
[klbtheme.com/groci/product-category/meats-frozen-seafood/indexdb32.html]
[klbtheme.com/groci/product-category/meats-frozen-seafood/index93a1.html]
[klbtheme.com/groci/product-category/noodles-sauces-instant-food/indexf6b1.html]
[klbtheme.com/groci/product-category/pet-care/indexebbf.html]
[klbtheme.com/groci/index2cce.html]
[klbtheme.com/groci/product/organic-broccoli/indexebbf.html]
[klbtheme.com/groci/product/organic-broccoli/index3f1d.html]
[klbtheme.com/groci/blog/2018/08/04/restaurant-employer-read-clients-orders-on-his-ipad-1/index3094.html]
[klbtheme.com/groci/product/organic-broccoli/indexaa11.html]
[klbtheme.com/groci/cart/indexf886.html]
[klbtheme.com/groci/index094d.html]
[klbtheme.com/groci/product/washed-sugar-snap-peas/indexf6b1.html]
[klbtheme.com/groci/product/washed-sugar-snap-peas/indexaa11.html]
[klbtheme.com/groci/product/washed-sugar-snap-peas/indexc887.html]
[klbtheme.com/groci/cart/indexf3da.html]
[klbtheme.com/groci/index0721.html]
[klbtheme.com/groci/product/organic-italian-parsley/indexf6b1.html]
[klbtheme.com/groci/product/organic-italian-parsley/index3f1d.html]
[klbtheme.com/groci/indexaafe.html]
[klbtheme.com/groci/product/organic-italian-parsley/indexebbf.html]
[klbtheme.com/groci/index1098.html]
[klbtheme.com/groci/product/organic-strawberry/index93a1.html]
[klbtheme.com/groci/product/organic-strawberry/index3f1d.html]
[klbtheme.com/groci/product/organic-strawberry/indexebbf.html]
[klbtheme.com/groci/cart/index4bd9.html]
[klbtheme.com/groci/indexe9b4.html]
[klbtheme.com/groci/product/organic-vegetable/index3f1d.html]
[klbtheme.com/groci/product/organic-vegetable/indexaa11.html]
[klbtheme.com/groci/product/organic-vegetable/indexf6b1.html]
[klbtheme.com/groci/product/organic-vegetable/index93a1.html]
[klbtheme.com/groci/indexae74.html]
[klbtheme.com/groci/product/organic-sweet-corn/indexf6b1.html]
[klbtheme.com/groci/product/organic-sweet-corn/index9372.html]
[klbtheme.com/groci/product/organic-sweet-corn/indexdb32.html]
[klbtheme.com/groci/cart/index4df9.html]
[klbtheme.com/groci/index6cf3.html]
[klbtheme.com/groci/product/organic-gold-creamer-potatoes/indexc887.html]
[klbtheme.com/groci/product/organic-gold-creamer-potatoes/index93a1.html]
[klbtheme.com/groci/product/organic-gold-creamer-potatoes/indexebbf.html]
[klbtheme.com/groci/index3f3a.html]
[klbtheme.com/groci/product/native-organic-papaya/indexebbf.html]
[klbtheme.com/groci/product/native-organic-papaya/index3f1d.html]
[klbtheme.com/groci/cart/index81d8.html]
[klbtheme.com/groci/indexe2dc.html]
[klbtheme.com/groci/product/fresh-red-seedless-grapes/indexaa11.html]
[klbtheme.com/groci/product/fresh-red-seedless-grapes/indexebbf.html]
[klbtheme.com/groci/cart/index3c7a.html]
[klbtheme.com/groci/cart/indexd07b.html]
[klbtheme.com/groci/index4f61.html]
[klbtheme.com/groci/product/organic-grape-tomatoes/index93a1.html]
[klbtheme.com/groci/product/organic-grape-tomatoes/indexdb32.html]
[klbtheme.com/groci/cart/index18e6.html]
[klbtheme.com/groci/cart/index7c69.html]
[klbtheme.com/groci/cart/indexef2f.html]
[klbtheme.com/groci/shop/page/2/indexebbf.html]
[klbtheme.com/groci/shop/page/2/index3f1d.html]
[klbtheme.com/groci/shop/page/1/index.html]
[klbtheme.com/groci/index3b72.html]
[klbtheme.com/groci/product-category/fruits-vegetables/page/2/indexebbf.html]
[klbtheme.com/groci/product-category/fruits-vegetables/page/2/index3f1d.html]
[klbtheme.com/groci/product-category/fruits-vegetables/page/1/index.html]
[klbtheme.com/groci/product/jumbo-rainier-cherries/indexf6b1.html]
[klbtheme.com/groci/product/jumbo-rainier-cherries/index93a1.html]
[klbtheme.com/groci/product/jumbo-rainier-cherries/indexaa11.html]
[klbtheme.com/groci/product/jumbo-rainier-cherries/indexc887.html]
[klbtheme.com/groci/index1611.html]
[klbtheme.com/groci/indexa36b.html]
[klbtheme.com/groci/indexf488.html]
[klbtheme.com/groci/index0114.html]
[klbtheme.com/groci/blog/2018/08/04/restaurant-employer-read-clients-orders-on-his-ipad-1/index0e22.html]
[klbtheme.com/groci/blog/2018/08/04/restaurant-employer-read-clients-orders-on-his-ipad-1/index3094.html]
[klbtheme.com/groci/product/green-seedless-grapes/indexc887.html]
[klbtheme.com/groci/product/green-seedless-grapes/indexebbf.html]
[klbtheme.com/groci/product/green-seedless-grapes/index3f1d.html]
[klbtheme.com/groci/shop/indexaafe.html]
[klbtheme.com/groci/product/organic-broccoli/indexf6b1.html]
[klbtheme.com/groci/product/organic-broccoli/index9372.html]
[klbtheme.com/groci/product/organic-broccoli/indexdb32.html]
[klbtheme.com/groci/product/organic-broccoli/index93a1.html]
[klbtheme.com/groci/product/washed-sugar-snap-peas/index93a1.html]
[klbtheme.com/groci/product/washed-sugar-snap-peas/index9372.html]
[klbtheme.com/groci/product/washed-sugar-snap-peas/indexdb32.html]
[klbtheme.com/groci/indexaafe.html]
[klbtheme.com/groci/cart/index5a77.html]
[klbtheme.com/groci/product/organic-italian-parsley/indexc887.html]
[klbtheme.com/groci/product/organic-italian-parsley/index9372.html]
[klbtheme.com/groci/product/organic-italian-parsley/index93a1.html]
[klbtheme.com/groci/product/organic-italian-parsley/indexaa11.html]
[klbtheme.com/groci/product/organic-italian-parsley/indexdb32.html]
[klbtheme.com/groci/product/organic-strawberry/index9372.html]
[klbtheme.com/groci/product/organic-strawberry/indexf6b1.html]
[klbtheme.com/groci/product/organic-strawberry/indexdb32.html]
[klbtheme.com/groci/product/organic-vegetable/indexdb32.html]
[klbtheme.com/groci/product/organic-vegetable/indexebbf.html]
[klbtheme.com/groci/product/organic-vegetable/index9372.html]
[klbtheme.com/groci/product/organic-sweet-corn/index3f1d.html]
[klbtheme.com/groci/product/organic-sweet-corn/indexaa11.html]
[klbtheme.com/groci/product/organic-sweet-corn/index93a1.html]
[klbtheme.com/groci/cart/index8670.html]
[klbtheme.com/groci/product/organic-gold-creamer-potatoes/indexaa11.html]
[klbtheme.com/groci/product/organic-gold-creamer-potatoes/index9372.html]
[klbtheme.com/groci/product/organic-gold-creamer-potatoes/indexdb32.html]
[klbtheme.com/groci/cart/indexcbb0.html]
[klbtheme.com/groci/product/native-organic-papaya/indexc887.html]
[klbtheme.com/groci/product/native-organic-papaya/indexaa11.html]
[klbtheme.com/groci/product/fresh-red-seedless-grapes/indexc887.html]
[klbtheme.com/groci/product/fresh-red-seedless-grapes/index3f1d.html]
[klbtheme.com/groci/cart/indexb1ff.html]
[klbtheme.com/groci/cart/indexc6cf.html]
[klbtheme.com/groci/product/organic-grape-tomatoes/indexaa11.html]
[klbtheme.com/groci/product/organic-grape-tomatoes/index3f1d.html]
[klbtheme.com/groci/product/organic-grape-tomatoes/indexebbf.html]
[klbtheme.com/groci/shop/indexaafe.html]
[klbtheme.com/groci/cart/index83c0.html]
[klbtheme.com/groci/cart/indexd7f8.html]
[klbtheme.com/groci/product/green-seedless-grapes/indexdb32.html]
[klbtheme.com/groci/product/green-seedless-grapes/index9372.html]
[klbtheme.com/groci/product/washed-sugar-snap-peas/indexebbf.html]
[klbtheme.com/groci/index3e3e.html]
[klbtheme.com/groci/index16de.html]
[klbtheme.com/groci/indexcf73.html]
[klbtheme.com/groci/index97a7.html]
[klbtheme.com/groci/index7534.html]
[klbtheme.com/groci/index7c8f.html]
[klbtheme.com/groci/index70f1.html]
[klbtheme.com/groci/index319c.html]
[klbtheme.com/groci/product/organic-strawberry/indexc887.html]
[klbtheme.com/groci/product/organic-vegetable/indexc887.html]
[klbtheme.com/groci/product/organic-sweet-corn/indexc887.html]
[klbtheme.com/groci/product/native-organic-papaya/index93a1.html]
[klbtheme.com/groci/product/fresh-red-seedless-grapes/index93a1.html]
[klbtheme.com/groci/product/organic-grape-tomatoes/indexf6b1.html]
[klbtheme.com/groci/shop/index7c8f.html]
[klbtheme.com/groci/shop/index70f1.html]
[klbtheme.com/groci/shop/index7534.html]
[klbtheme.com/groci/shop/page/2/indexaafe.html]
[klbtheme.com/groci/shop/index3e3e.html]
[klbtheme.com/groci/shop/index319c.html]
[klbtheme.com/groci/shop/indexcf73.html]
[klbtheme.com/groci/shop/page/2/indexaafe.html]
[klbtheme.com/groci/shop/page/2/index97a7.html]
[klbtheme.com/groci/shop/page/2/index16de.html]
[klbtheme.com/groci/shop/page/1/indexaafe.html]
[klbtheme.com/groci/wp-includes/wlwmanifest.xml]
[klbtheme.com/groci/xmlrpc0db0.php]
[klbtheme.com/groci/wp-json/index.html]
[klbtheme.com/groci/wp-content/plugins/login-with-ajax/widget/loading.gif]
[klbtheme.com/groci/wp-json/oembed/1.0/embeda5c0.json]
[klbtheme.com/groci/wp-content/plugins/login-with-ajax/widget/widget0697.css]
[klbtheme.com/groci/wp-json/oembed/1.0/embeda1a2]
[klbtheme.com/groci/wp-includes/css/dist/block-library/style.minbb49.css]
[klbtheme.com/groci/wp-content/plugins/woocommerce/assets/css/blocks/style3ab2.css]
[klbtheme.com/groci/shop/feed/index.html]
[klbtheme.com/groci/wp-content/plugins/contact-form-7/images/ajax-loader.gif]
[klbtheme.com/groci/wp-content/plugins/contact-form-7/includes/css/stylesbdeb.css]
[klbtheme.com/groci/wp-json/oembed/1.0/embed2fdf.json]
[klbtheme.com/groci/wp-json/oembed/1.0/embede57d]
[klbtheme.com/groci/wp-content/themes/groci/vendor/bootstrap/css/bootstrap.min5152.css]
[klbtheme.com/groci/wp-json/oembed/1.0/embed2713.json]
[klbtheme.com/groci/wp-json/oembed/1.0/embedd574]
[klbtheme.com/groci/product/jumbo-rainier-cherries/feed/index.html]
[klbtheme.com/groci/product-category/fruits-vegetables/feed/index.html]
[klbtheme.com/groci/wp-json/oembed/1.0/embedca28]
[klbtheme.com/groci/wp-json/oembed/1.0/embed782a.json]
[klbtheme.com/groci/wp-content/themes/groci/vendor/icons/fonts/materialdesignicons-webfonte761.eot]
[klbtheme.com/groci/wp-content/themes/groci/vendor/icons/fonts/materialdesignicons-webfonte761.woff2]
[klbtheme.com/groci/wp-content/themes/groci/vendor/icons/fonts/materialdesignicons-webfontd41d.eot]
[klbtheme.com/groci/wp-content/themes/groci/vendor/icons/fonts/materialdesignicons-webfonte761.woff]
[0.gravatar.com/avatar/3384f98a21c5dce2051e8f5a20928b05c50c.png]
[klbtheme.com/groci/wp-content/themes/groci/vendor/icons/fonts/materialdesignicons-webfonte761.ttf]
[klbtheme.com/groci/wp-content/themes/groci/vendor/icons/css/materialdesignicons.min5152.css]
[klbtheme.com/groci/wp-content/themes/groci/vendor/select2/css/select2-bootstrap5152.css]
[klbtheme.com/groci/wp-json/oembed/1.0/embedbf41.json]
[klbtheme.com/groci/wp-content/plugins/woocommerce/assets/css/select23ab2.css]
[klbtheme.com/groci/wp-json/oembed/1.0/embed1ac1]
[klbtheme.com/groci/wp-content/themes/groci/vendor/icons/fonts/materialdesignicons-webfonte761.svg]
[klbtheme.com/groci/blog/2018/08/12/restaurant-employer-read-clients-orders-on-his-ipad/feed/index.html]
[klbtheme.com/groci/wp-json/oembed/1.0/embed2941.json]
[klbtheme.com/groci/wp-json/oembed/1.0/embedc73c]
[0.gravatar.com/avatar/3384f98a21c5dce2051e8f5a20928b05aae9.png]
[0.gravatar.com/avatar/fc963d486fa03c8c8a0066b958b5b7cbaae9.png]
[klbtheme.com/groci/wp-json/oembed/1.0/embed295f.json]
[klbtheme.com/groci/wp-json/oembed/1.0/embed4060]
[klbtheme.com/groci/product/green-seedless-grapes/feed/index.html]
[klbtheme.com/groci/wp-json/oembed/1.0/embed8446]
[klbtheme.com/groci/wp-json/oembed/1.0/embed0530.json]
[klbtheme.com/groci/wp-json/oembed/1.0/embed90d2.json]
[klbtheme.com/groci/wp-json/oembed/1.0/embedab7c]
[klbtheme.com/groci/product-category/biscuits-snacks-chocolates/feed/index.html]
[klbtheme.com/groci/product-category/breakfast-dairy/feed/index.html]
[klbtheme.com/groci/product-category/beverages/feed/index.html]
[klbtheme.com/groci/product-category/furnishing-home-needs/feed/index.html]
[klbtheme.com/groci/product-category/grocery-staples/feed/index.html]
[klbtheme.com/groci/product-category/meats-frozen-seafood/feed/index.html]
[klbtheme.com/groci/product-category/home-kitchen/feed/index.html]
[klbtheme.com/groci/product-category/noodles-sauces-instant-food/feed/index.html]
[klbtheme.com/groci/product-category/personal-care/feed/index.html]
[klbtheme.com/groci/product/organic-broccoli/feed/index.html]
[klbtheme.com/groci/product-category/household-needs/feed/index.html]
[klbtheme.com/groci/wp-json/oembed/1.0/embed4de3.json]
[klbtheme.com/groci/product-category/pet-care/feed/index.html]
[klbtheme.com/groci/product/washed-sugar-snap-peas/feed/index.html]
[klbtheme.com/groci/wp-json/oembed/1.0/embed8af2]
[klbtheme.com/groci/product/organic-italian-parsley/feed/index.html]
[klbtheme.com/groci/wp-json/oembed/1.0/embeded9c.json]
[klbtheme.com/groci/product/organic-strawberry/feed/index.html]
[klbtheme.com/groci/wp-json/oembed/1.0/embedc966]
[klbtheme.com/groci/wp-json/oembed/1.0/embed0189.json]
[klbtheme.com/groci/wp-json/oembed/1.0/embed9ce7]
[klbtheme.com/groci/wp-json/oembed/1.0/embedc459]
[klbtheme.com/groci/wp-json/oembed/1.0/embed7a31.json]
[klbtheme.com/groci/product/organic-sweet-corn/feed/index.html]
[klbtheme.com/groci/wp-json/oembed/1.0/embedefb0.json]
[klbtheme.com/groci/wp-json/oembed/1.0/embed1db4]
[klbtheme.com/groci/wp-json/oembed/1.0/embed4c8f.json]
[klbtheme.com/groci/product/organic-vegetable/feed/index.html]
[klbtheme.com/groci/wp-json/oembed/1.0/embed3a39]
[klbtheme.com/groci/product/organic-gold-creamer-potatoes/feed/index.html]
[klbtheme.com/groci/wp-json/oembed/1.0/embed0090.json]
[klbtheme.com/groci/wp-json/oembed/1.0/embed97c7]
[klbtheme.com/groci/product/native-organic-papaya/feed/index.html]
[klbtheme.com/groci/wp-json/oembed/1.0/embed903a]
[klbtheme.com/groci/product/fresh-red-seedless-grapes/feed/index.html]
[klbtheme.com/groci/wp-json/oembed/1.0/embeda9e9.json]
[klbtheme.com/groci/product/organic-grape-tomatoes/feed/index.html]
[klbtheme.com/groci/wp-json/oembed/1.0/embedbc68]
[klbtheme.com/groci/wp-json/oembed/1.0/embed6179.json]
[klbtheme.com/groci/wp-json/oembed/1.0/embedd0b8.json]
[klbtheme.com/groci/wp-json/oembed/1.0/embed4b2e]
[klbtheme.com/groci/blog/category/gallery/feed/index.html]
[klbtheme.com/groci/blog/tag/gallery/feed/index.html]
[klbtheme.com/groci/blog/tag/news/feed/index.html]
[klbtheme.com/groci/blog/tag/slider/feed/index.html]
[klbtheme.com/groci/blog/2018/08/12/amazing-classic-interior-design-with-perfect-lighting/feed/index.html]
[klbtheme.com/groci/wp-json/oembed/1.0/embed0f4c.json]
[klbtheme.com/groci/wp-json/oembed/1.0/embed611c]
[klbtheme.com/groci/blog/category/video/feed/index.html]
[klbtheme.com/groci/blog/tag/envato/feed/index.html]
[klbtheme.com/groci/blog/tag/food/feed/index.html]
[klbtheme.com/groci/blog/2018/08/12/english-breakfast-tea-with-tasty-donut-desserts/feed/index.html]
[klbtheme.com/groci/blog/tag/vimeo/feed/index.html]
[klbtheme.com/groci/wp-json/oembed/1.0/embeda201.json]
[klbtheme.com/groci/wp-json/oembed/1.0/embed990b]
[klbtheme.com/groci/blog/tag/video/feed/index.html]
[klbtheme.com/groci/blog/tag/organic/feed/index.html]
[klbtheme.com/groci/blog/2018/08/12/co-founder-trying-to-explain-his-idea-to-his-employers/feed/index.html]
[klbtheme.com/groci/blog/category/audio/feed/index.html]
[klbtheme.com/groci/wp-json/oembed/1.0/embedf233]
[klbtheme.com/groci/blog/tag/grocery/feed/index.html]
[klbtheme.com/groci/blog/tag/audio/feed/index.html]
[klbtheme.com/groci/wp-json/oembed/1.0/embed216f.json]
[klbtheme.com/groci/blog/tag/shop/feed/index.html]
[klbtheme.com/groci/wp-json/oembed/1.0/embedfdc8.json]
[klbtheme.com/groci/blog/2018/08/04/restaurant-employer-read-clients-orders-on-his-ipad-1/feed/index.html]
[1.gravatar.com/avatar/d7a973c7dab26985da5f961be7b74480aae9.png]
[klbtheme.com/groci/blog/category/image/feed/index.html]
[klbtheme.com/groci/blog/tag/image/feed/index.html]
[klbtheme.com/groci/wp-json/oembed/1.0/embedbf53]
[klbtheme.com/groci/blog/tag/themeforest/feed/index.html]
[klbtheme.com/groci/wp-content/themes/groci/css/stylem5152.css]
[klbtheme.com/groci/wp-content/themes/groci/vendor/owl-carousel/grabbing.png]
[klbtheme.com/groci/wp-content/themes/groci/vendor/owl-carousel/owl.carousel5152.css]
[klbtheme.com/groci/wp-content/themes/groci/vendor/icons/fonts/materialdesignicons-webfonte761.eot]
[klbtheme.com/groci/wp-content/themes/groci/vendor/icons/fonts/materialdesignicons-webfontd41d.eot]
[klbtheme.com/groci/wp-content/themes/groci/vendor/icons/fonts/materialdesignicons-webfonte761.woff]
[klbtheme.com/groci/wp-content/themes/groci/vendor/icons/fonts/materialdesignicons-webfonte761.ttf]
[klbtheme.com/groci/wp-content/themes/groci/vendor/owl-carousel/owl.theme5152.css]
[klbtheme.com/groci/wp-content/themes/groci/stylebb49.css]
[klbtheme.com/groci/wp-content/plugins/js_composer/assets/vc/alert.png]
[klbtheme.com/groci/wp-content/plugins/js_composer/assets/vc/info.png]
[klbtheme.com/groci/wp-content/plugins/js_composer/assets/vc/tick.png]
[klbtheme.com/groci/wp-content/plugins/js_composer/assets/vc/exclamation.png]
[klbtheme.com/groci/wp-content/plugins/js_composer/assets/images/icons/address-book.png]
[klbtheme.com/groci/wp-content/plugins/js_composer/assets/images/icons/alarm-clock.png]
[klbtheme.com/groci/wp-content/plugins/js_composer/assets/images/icons/anchor.png]
[klbtheme.com/groci/wp-content/plugins/js_composer/assets/images/icons/application-image.png]
[klbtheme.com/groci/wp-content/plugins/js_composer/assets/images/icons/arrow.png]
[klbtheme.com/groci/wp-content/plugins/js_composer/assets/images/icons/asterisk.png]
[klbtheme.com/groci/wp-content/plugins/js_composer/assets/images/icons/auction-hammer.png]
[klbtheme.com/groci/wp-content/plugins/js_composer/assets/images/icons/balloon.png]
[klbtheme.com/groci/wp-content/plugins/js_composer/assets/images/icons/balloon-buzz.png]
[klbtheme.com/groci/wp-content/plugins/js_composer/assets/images/icons/balloon-facebook.png]
[klbtheme.com/groci/wp-content/plugins/js_composer/assets/images/icons/balloon-twitter.png]
[klbtheme.com/groci/wp-content/plugins/js_composer/assets/images/icons/battery-full.png]
[klbtheme.com/groci/wp-content/plugins/js_composer/assets/images/icons/binocular.png]
[klbtheme.com/groci/wp-content/plugins/js_composer/assets/images/icons/blue-document-excel.png]
[klbtheme.com/groci/wp-content/plugins/js_composer/assets/images/icons/blue-document-image.png]
[klbtheme.com/groci/wp-content/plugins/js_composer/assets/images/icons/blue-document-music.png]
[klbtheme.com/groci/wp-content/plugins/js_composer/assets/images/icons/blue-document-office.png]
[klbtheme.com/groci/wp-content/plugins/js_composer/assets/images/icons/blue-document-pdf.png]
[klbtheme.com/groci/wp-content/plugins/js_composer/assets/images/icons/blue-document-powerpoint.png]
[klbtheme.com/groci/wp-content/plugins/js_composer/assets/images/icons/blue-document-word.png]
[klbtheme.com/groci/wp-content/plugins/js_composer/assets/images/icons/bookmark.png]
[klbtheme.com/groci/wp-content/plugins/js_composer/assets/images/icons/camcorder.png]
[klbtheme.com/groci/wp-content/plugins/js_composer/assets/images/icons/camera.png]
[klbtheme.com/groci/wp-content/plugins/js_composer/assets/images/icons/chart.png]
[klbtheme.com/groci/wp-content/plugins/js_composer/assets/images/icons/chart-pie.png]
[klbtheme.com/groci/wp-content/plugins/js_composer/assets/images/icons/clock.png]
[klbtheme.com/groci/wp-content/plugins/js_composer/assets/images/icons/control.png]
[klbtheme.com/groci/wp-content/plugins/js_composer/assets/images/icons/fire.png]
[klbtheme.com/groci/wp-content/plugins/js_composer/assets/images/icons/heart.png]
[klbtheme.com/groci/wp-content/plugins/js_composer/assets/images/icons/mail.png]
[klbtheme.com/groci/wp-content/plugins/js_composer/assets/images/icons/plus-shield.png]
[klbtheme.com/groci/wp-content/plugins/js_composer/assets/images/icons/video.png]
[klbtheme.com/groci/wp-content/plugins/js_composer/assets/fonts/vc_icons_v2/fonts/vcpb-plugin-iconsb82a.eot]
[klbtheme.com/groci/wp-content/plugins/js_composer/assets/fonts/vc_icons_v2/fonts/vcpb-plugin-iconsb82a.ttf]
[klbtheme.com/groci/wp-content/plugins/js_composer/assets/fonts/vc_icons_v2/fonts/vcpb-plugin-iconsb82a.woff]
[klbtheme.com/groci/wp-content/plugins/js_composer/assets/fonts/vc_icons_v2/fonts/vcpb-plugin-iconsb82a.svg]
[klbtheme.com/groci/wp-content/plugins/js_composer/assets/images/toggle_open.png]
[klbtheme.com/groci/wp-content/plugins/js_composer/assets/images/toggle_close.png]
[klbtheme.com/groci/wp-content/plugins/js_composer/assets/images/flickr.png]
[klbtheme.com/groci/wp-content/plugins/js_composer/assets/vc/blur.svg]
[klbtheme.com/groci/wp-content/plugins/js_composer/assets/fonts/vc_grid/vc_grid_v157a1.eot]
[klbtheme.com/groci/wp-content/plugins/js_composer/assets/fonts/vc_grid/vc_grid_v1d41d.eot]
[klbtheme.com/groci/wp-content/plugins/js_composer/assets/fonts/vc_grid/vc_grid_v157a1.woff]
[klbtheme.com/groci/wp-content/plugins/js_composer/assets/fonts/vc_grid/vc_grid_v157a1.ttf]
[klbtheme.com/groci/wp-content/plugins/js_composer/assets/fonts/vc_grid/vc_grid_v157a1.svg]
[klbtheme.com/groci/wp-content/plugins/js_composer/assets/images/spinner.gif]
[klbtheme.com/groci/wp-content/plugins/js_composer/assets/vc/remove.png]
[klbtheme.com/groci/wp-content/plugins/js_composer/assets/css/js_composer.min5b21.css]
[klbtheme.com/groci/wp-loginc2b6.html]
[klbtheme.com/groci/product-category/beverages/index.html]
[klbtheme.com/groci/product-category/biscuits-snacks-chocolates/index.html]
[klbtheme.com/groci/product-category/household-needs/index.html]
[klbtheme.com/groci/indexc887.html]
[klbtheme.com/groci/index3f1d.html]
[klbtheme.com/groci/product/organic-sweet-corn/index.html]
[klbtheme.com/groci/indexf6b1.html]
[klbtheme.com/groci/wp-includes/fonts/dashicons2ce6.eot]
[klbtheme.com/groci/wp-includes/css/dashicons.minbb49.css]
[klbtheme.com/groci/wp-includes/css/buttons.minbb49.css]
[klbtheme.com/groci/wp-includes/fonts/dashicons2ce6.ttf]
[klbtheme.com/groci/wp-admin/images/loading.gif]
[klbtheme.com/groci/wp-admin/css/forms.minbb49.css]
[klbtheme.com/groci/wp-admin/css/l10n.minbb49.css]
[klbtheme.com/groci/wp-admin/images/w-logo-blue7a53.png]
[klbtheme.com/groci/wp-admin/images/wordpress-logo7d6b.svg]
[klbtheme.com/groci/wp-admin/css/login.minbb49.css]
[klbtheme.com/groci/shop/indexdb32.html]
[klbtheme.com/groci/index9787.html]
[klbtheme.com/groci/index3b72.html]
[klbtheme.com/groci/index198a.html]
[klbtheme.com/groci/product-category/fruits-vegetables/indexdb32.html]
[klbtheme.com/groci/wp-content/plugins/woocommerce/assets/css/photoswipe/photoswipe3ab2.css]
[klbtheme.com/groci/wp-content/plugins/woocommerce/assets/css/photoswipe/default-skin/default-skin.png]
[klbtheme.com/groci/wp-content/plugins/woocommerce/assets/css/photoswipe/default-skin/default-skin.svg]
[klbtheme.com/groci/wp-content/plugins/woocommerce/assets/css/photoswipe/default-skin/preloader.gif]
[klbtheme.com/groci/wp-content/plugins/woocommerce/assets/css/photoswipe/default-skin/default-skin3ab2.css]
[klbtheme.com/groci/product/jumbo-rainier-cherries/index9372.html]
[klbtheme.com/groci/index8054.html]
[klbtheme.com/groci/blog/category/gallery/index.html]
[klbtheme.com/groci/index87e6.html]
[klbtheme.com/groci/blog/2018/08/12/restaurant-employer-read-clients-orders-on-his-ipad/index267f.html]
[klbtheme.com/groci/blog/2018/08/12/restaurant-employer-read-clients-orders-on-his-ipad/index41b7.html]
[klbtheme.com/groci/wp-content/plugins/js_composer/assets/css/js_composer_tta.min5b21.css]
[klbtheme.com/groci/index7ef4.html]
[klbtheme.com/groci/product/green-seedless-grapes/indexf6b1.html]
[klbtheme.com/groci/product-category/grocery-staples/index3f1d.html]
[klbtheme.com/groci/product-category/home-kitchen/indexc887.html]
[klbtheme.com/groci/product-category/household-needs/index9372.html]
[klbtheme.com/groci/product-category/meats-frozen-seafood/indexdb32.html]
[klbtheme.com/groci/product-category/noodles-sauces-instant-food/indexf6b1.html]
[klbtheme.com/groci/product-category/pet-care/indexebbf.html]
[klbtheme.com/groci/index2cce.html]
[klbtheme.com/groci/product/organic-broccoli/indexebbf.html]
[klbtheme.com/groci/index094d.html]
[klbtheme.com/groci/product/washed-sugar-snap-peas/indexf6b1.html]
[klbtheme.com/groci/index0721.html]
[klbtheme.com/groci/product/organic-italian-parsley/indexf6b1.html]
[klbtheme.com/groci/index1098.html]
[klbtheme.com/groci/product/organic-strawberry/index93a1.html]
[klbtheme.com/groci/indexe9b4.html]
[klbtheme.com/groci/product/organic-vegetable/index3f1d.html]
[klbtheme.com/groci/indexae74.html]
[klbtheme.com/groci/product/organic-sweet-corn/indexf6b1.html]
[klbtheme.com/groci/index6cf3.html]
[klbtheme.com/groci/product/organic-gold-creamer-potatoes/indexc887.html]
[klbtheme.com/groci/index3f3a.html]
[klbtheme.com/groci/product/native-organic-papaya/indexebbf.html]
[klbtheme.com/groci/indexe2dc.html]
[klbtheme.com/groci/product/fresh-red-seedless-grapes/indexaa11.html]
[klbtheme.com/groci/index4f61.html]
[klbtheme.com/groci/product/organic-grape-tomatoes/index93a1.html]
[klbtheme.com/groci/cart/index7c69.html]
[klbtheme.com/groci/index1611.html]
[klbtheme.com/groci/indexa36b.html]
[klbtheme.com/groci/indexf488.html]
[klbtheme.com/groci/index0114.html]
[klbtheme.com/groci/blog/2018/08/04/restaurant-employer-read-clients-orders-on-his-ipad-1/index0e22.html]
[klbtheme.com/groci/product/green-seedless-grapes/indexc887.html]
[klbtheme.com/groci/wp-content/themes/groci/vendor/icons/fonts/materialdesignicons-webfonte761.svg]
[klbtheme.com/groci/wp-content/themes/groci/img/login.html]
[klbtheme.com/groci/wp-content/themes/groci/vendor/owl-carousel/AjaxLoader.html]
[klbtheme.com/groci/wp-content/plugins/js_composer/assets/fonts/vc_icons_v2/fonts/vcpb-plugin-iconsb82a.svg]
[klbtheme.com/groci/wp-content/plugins/js_composer/assets/vc/blur.svg]
[klbtheme.com/groci/wp-content/plugins/js_composer/assets/fonts/vc_grid/vc_grid_v157a1.svg]
[klbtheme.com/groci/wp-admin/images/wordpress-logo7d6b.svg]
[klbtheme.com/groci/wp-content/plugins/woocommerce/assets/css/photoswipe/default-skin/default-skin.svg]
[klbtheme.com/groci/cart/index1de9.html]
